Starting tests...

Test 1: GET /health
Status: 200
Body: { is_success: true, official_email: 'rizul1272.be23@chitkara.edu.in' }

Test 2: POST /bfhl (Fibonacci)
Status: 200
Body: {
  is_success: true,
  official_email: 'rizul1272.be23@chitkara.edu.in',
  data: [
    0, 1, 1,  2,
    3, 5, 8, 13
  ]
}

Test 3: POST /bfhl (Prime)
Status: 200
Body: {
  is_success: true,
  official_email: 'rizul1272.be23@chitkara.edu.in',
  data: [ 2, 3, 5, 7 ]
}

Test 4: POST /bfhl (LCM)
Status: 200
Body: {
  is_success: true,
  official_email: 'rizul1272.be23@chitkara.edu.in',
  data: 12
}

Test 5: POST /bfhl (HCF)
Status: 200
Body: {
  is_success: true,
  official_email: 'rizul1272.be23@chitkara.edu.in',
  data: 12
}

Test 6: POST /bfhl (AI)
Status: 500
Body: { is_success: false, message: 'Error communicating with AI service' }
